    Updating crates.io index
     Locking 137 packages to latest compatible versions
      Adding aligned v0.4.3
      Adding aligned-vec v0.6.4
      Adding arg_enum_proc_macro v0.3.4
      Adding as-slice v0.2.1
      Adding auto_generate_cdp v0.4.6
      Adding av-scenechange v0.14.1
      Adding av1-grain v0.2.5
      Adding avif-serialize v0.8.8
      Adding base64 v0.13.1
      Adding bit_field v0.10.3
      Adding bitstream-io v4.9.0
      Adding built v0.8.0
      Adding bytemuck v1.25.0
      Adding byteorder-lite v0.1.0
      Adding color_quant v1.1.0
      Adding compact_str v0.9.0
      Adding console v0.15.11
      Adding convert_case v0.8.0
      Adding core2 v0.4.0
      Adding darling v0.20.11
      Adding darling_core v0.20.11
      Adding darling_macro v0.20.11
      Adding dary_heap v0.3.8
      Adding data-encoding v2.10.0
      Adding derive_builder v0.20.2
      Adding derive_builder_core v0.20.2
      Adding derive_builder_macro v0.20.2
      Adding dirs v5.0.1 (available: v6.0.0)
      Adding dirs v6.0.0
      Adding dirs-sys v0.4.1
      Adding dirs-sys v0.5.0
      Adding dunce v1.0.5
      Adding encode_unicode v1.0.0
      Adding env_home v0.1.0
      Adding equator v0.4.2
      Adding equator-macro v0.4.2
      Adding esaxx-rs v0.1.10
      Adding exr v1.74.0
      Adding fastembed v4.9.1 (available: v5.11.0)
      Adding fax v0.2.6
      Adding fax_derive v0.2.0
      Adding fdeflate v0.3.7
      Adding futures-macro v0.3.32
      Adding gif v0.14.1
      Adding git2 v0.18.3 (available: v0.20.4)
      Adding h2 v0.4.13
      Adding headless_chrome v1.0.21
      Adding hf-hub v0.4.3
      Adding hyper-tls v0.6.0
      Adding ident_case v1.0.1
      Adding image v0.25.9
      Adding image-webp v0.2.4
      Adding imgref v1.12.0
      Adding indicatif v0.17.11
      Adding interpolate_name v0.2.4
      Adding itertools v0.14.0
      Adding lebe v0.5.3
      Adding libfuzzer-sys v0.4.12
      Adding libgit2-sys v0.16.2+1.7.2
      Adding libssh2-sys v0.3.1
      Adding libz-sys v1.1.23
      Adding loop9 v0.1.5
      Adding macro_rules_attribute v0.2.2
      Adding macro_rules_attribute-proc_macro v0.2.2
      Adding matrixmultiply v0.3.10
      Adding maybe-rayon v0.1.1
      Adding minimal-lexical v0.2.1
      Adding monostate v0.1.18
      Adding monostate-impl v0.1.18
      Adding moxcms v0.7.11
      Adding ndarray v0.16.1
      Adding new_debug_unreachable v1.0.6
      Adding nom v7.1.3
      Adding nom v8.0.0
      Adding noop_proc_macro v0.3.0
      Adding ntapi v0.4.3
      Adding num-derive v0.4.2
      Adding number_prefix v0.4.0
      Adding onig v6.5.1
      Adding onig_sys v69.9.1
      Adding openssl-probe v0.1.6
      Adding option-ext v0.2.0
      Adding ort v2.0.0-rc.9 (available: v2.0.0-rc.11)
      Adding ort-sys v2.0.0-rc.9 (available: v2.0.0-rc.11)
      Adding pastey v0.1.1
      Adding png v0.18.1
      Adding portable-atomic v1.13.1
      Adding portable-atomic-util v0.2.5
      Adding profiling v1.0.17
      Adding profiling-procmacros v1.0.17
      Adding pxfm v0.1.27
      Adding qoi v0.4.1
      Adding quick-error v2.0.1
      Adding rav1e v0.8.1
      Adding ravif v0.12.0
      Adding rawpointer v0.2.1
      Adding rayon-cond v0.4.0
      Adding redox_users v0.5.2
      Adding rgb v0.8.52
      Adding serde_spanned v0.6.9
      Adding sha1 v0.10.6
      Adding simd_helpers v0.1.0
      Adding socks v0.3.4
      Adding spm_precompiled v0.1.4
      Adding strsim v0.11.1
      Adding sysinfo v0.30.13 (available: v0.38.2)
      Adding system-configuration v0.7.0
      Adding system-configuration-sys v0.6.0
      Adding tiff v0.10.3
      Adding tokenizers v0.21.4
      Adding toml v0.8.23 (available: v1.0.3+spec-1.1.0)
      Adding toml_datetime v0.6.11
      Adding toml_edit v0.22.27
      Adding toml_write v0.1.2
      Adding tungstenite v0.28.0
      Adding unicode-normalization-alignments v0.1.12
      Adding unicode_categories v0.1.1
      Adding ureq v2.12.1
      Adding ureq v3.2.0
      Adding ureq-proto v0.5.3
      Adding utf-8 v0.7.6
      Adding v_frame v0.3.9
      Adding wasm-streams v0.4.2
      Adding webpki-roots v0.26.11
      Adding weezl v0.1.12
      Adding which v8.0.0
      Adding windows v0.52.0
      Adding windows-core v0.52.0
      Adding windows-registry v0.6.1
      Adding winreg v0.55.0
      Adding winsafe v0.0.19
      Adding y4m v0.8.0
      Adding zune-core v0.4.12
      Adding zune-core v0.5.1
      Adding zune-inflate v0.2.54
      Adding zune-jpeg v0.4.21
      Adding zune-jpeg v0.5.12
   Compiling proc-macro2 v1.0.106
   Compiling quote v1.0.44
   Compiling unicode-ident v1.0.24
   Compiling libc v0.2.182
   Compiling cfg-if v1.0.4
   Compiling serde_core v1.0.228
   Compiling syn v2.0.117
   Compiling jobserver v0.1.34
   Compiling shlex v1.3.0
   Compiling find-msvc-tools v0.1.9
   Compiling bitflags v2.11.0
   Compiling cc v1.2.56
   Compiling serde v1.0.228
   Compiling once_cell v1.21.3
   Compiling version_check v0.9.5
   Compiling autocfg v1.5.0
   Compiling hashbrown v0.16.1
   Compiling zerocopy v0.8.39
   Compiling errno v0.3.14
   Compiling log v0.4.29
   Compiling smallvec v1.15.1
   Compiling itoa v1.0.17
   Compiling equivalent v1.0.2
   Compiling memchr v2.8.0
   Compiling getrandom v0.3.4
   Compiling libm v0.2.16
   Compiling synstructure v0.13.2
   Compiling indexmap v2.13.0
   Compiling num-traits v0.2.19
   Compiling bytes v1.11.1
   Compiling crc32fast v1.5.0
   Compiling core-foundation-sys v0.8.7
   Compiling ring v0.17.14
   Compiling serde_derive v1.0.228
   Compiling zerocopy-derive v0.8.39
   Compiling zerofrom-derive v0.1.6
   Compiling yoke-derive v0.8.1
   Compiling zerovec-derive v0.11.2
   Compiling displaydoc v0.2.5
   Compiling ahash v0.8.12
   Compiling anyhow v1.0.102
   Compiling pin-project-lite v0.2.16
   Compiling icu_properties_data v2.1.2
   Compiling icu_normalizer_data v2.1.1
   Compiling rustix v1.1.3
   Compiling pkg-config v0.3.32
   Compiling zmij v1.0.21
   Compiling stable_deref_trait v1.2.1
   Compiling typenum v1.19.0
   Compiling zerofrom v0.1.6
   Compiling parking_lot_core v0.9.12
   Compiling yoke v0.8.1
   Compiling num-integer v0.1.46
   Compiling signal-hook-registry v1.4.8
   Compiling generic-array v0.14.7
   Compiling getrandom v0.2.17
   Compiling either v1.15.0
   Compiling scopeguard v1.2.0
   Compiling serde_json v1.0.149
   Compiling lock_api v0.4.14
   Compiling httparse v1.10.1
   Compiling parking_lot v0.12.5
   Compiling zerovec v0.11.5
   Compiling futures-core v0.3.32
   Compiling crossbeam-utils v0.8.21
   Compiling getrandom v0.4.1
   Compiling num-bigint v0.4.6
   Compiling tokio-macros v2.6.0
   Compiling socket2 v0.6.2
   Compiling mio v1.1.1
   Compiling rustls v0.23.36
   Compiling thiserror v1.0.69
   Compiling futures-sink v0.3.32
   Compiling crossbeam-epoch v0.9.18
   Compiling tokio v1.49.0
   Compiling num-rational v0.4.2
   Compiling tinystr v0.8.2
   Compiling tracing-attributes v0.1.31
   Compiling tracing-core v0.1.36
   Compiling litemap v0.8.1
   Compiling rayon-core v1.13.0
   Compiling zeroize v1.8.2
   Compiling writeable v0.6.2
   Compiling rustls-pki-types v1.14.0
   Compiling icu_locale_core v2.1.1
   Compiling tracing v0.1.44
   Compiling crossbeam-deque v0.8.6
   Compiling potential_utf v0.1.4
   Compiling zerotrie v0.2.3
   Compiling thiserror-impl v1.0.69
   Compiling slab v0.4.12
   Compiling rustix v0.38.44
   Compiling icu_provider v2.1.1
   Compiling icu_collections v2.1.1
   Compiling hashbrown v0.14.5
   Compiling cranelift-entity v0.101.4
   Compiling target-lexicon v0.12.16
   Compiling untrusted v0.9.0
   Compiling percent-encoding v2.3.2
   Compiling paste v1.0.15
   Compiling half v2.7.1
   Compiling ppv-lite86 v0.2.21
   Compiling num-complex v0.4.6
   Compiling futures-macro v0.3.32
   Compiling gimli v0.28.1
   Compiling ipnet v2.11.0
   Compiling cranelift-isle v0.101.4
   Compiling futures-task v0.3.32
   Compiling semver v1.0.27
   Compiling unicode-width v0.2.2
   Compiling futures-util v0.3.32
   Compiling rustls-webpki v0.103.9
   Compiling icu_normalizer v2.1.1
   Compiling icu_properties v2.1.2
   Compiling rayon v1.11.0
   Compiling wasmtime-versioned-export-macros v14.0.4
   Compiling cranelift-codegen-shared v0.101.4
   Compiling subtle v2.6.1
   Compiling fnv v1.0.7
   Compiling rustversion v1.0.22
   Compiling cranelift-codegen-meta v0.101.4
   Compiling idna_adapter v1.2.1
   Compiling form_urlencoded v1.2.2
   Compiling webpki-roots v1.0.6
   Compiling iana-time-zone v0.1.65
   Compiling bumpalo v3.20.2
   Compiling utf8_iter v1.0.4
   Compiling simd-adler32 v0.3.8
   Compiling base64 v0.22.1
   Compiling io-lifetimes v2.0.4
   Compiling idna v1.1.0
   Compiling cranelift-codegen v0.101.4
   Compiling wasmparser v0.115.0
   Compiling tokio-util v0.7.18
   Compiling futures-channel v0.3.32
   Compiling hashbrown v0.13.2
   Compiling num-iter v0.1.45
   Compiling adler2 v2.0.1
   Compiling rustc-hash v1.1.0
   Compiling ryu v1.0.23
   Compiling slice-group-by v0.3.1
   Compiling arbitrary v1.4.2
   Compiling regalloc2 v0.9.3
   Compiling cranelift-control v0.101.4
   Compiling miniz_oxide v0.8.9
   Compiling wasmtime-types v14.0.4
   Compiling num v0.4.3
   Compiling url v2.5.8
   Compiling http v1.4.0
   Compiling wasmparser v0.121.2
   Compiling object v0.32.2
   Compiling cranelift-bforest v0.101.4
   Compiling zstd-sys v2.0.16+zstd.1.5.7
   Compiling encoding_rs v0.8.35
   Compiling zlib-rs v0.6.2
   Compiling try-lock v0.2.5
   Compiling tower-service v0.3.3
   Compiling byteorder v1.5.0
   Compiling leb128 v0.2.5
   Compiling io-extras v0.18.4
   Compiling wasm-encoder v0.35.0
   Compiling flate2 v1.1.9
   Compiling want v0.3.1
   Compiling wasmprinter v0.2.80
   Compiling http-body v1.0.1
   Compiling xattr v1.6.1
   Compiling arrow-buffer v56.2.0
   Compiling rand_core v0.6.4
   Compiling filetime v0.2.27
   Compiling core-foundation v0.10.1
   Compiling security-framework-sys v2.17.0
   Compiling arrow-schema v56.2.0
   Compiling cap-primitives v2.0.2
   Compiling native-tls v0.2.18
   Compiling futures-io v0.3.32
   Compiling wasmtime-component-util v14.0.4
   Compiling fastrand v2.3.0
   Compiling ambient-authority v0.0.2
   Compiling tempfile v3.25.0
   Compiling wasmtime-environ v14.0.4
   Compiling arrow-data v56.2.0
   Compiling security-framework v3.7.0
   Compiling tar v0.4.44
   Compiling rand_chacha v0.3.1
   Compiling fs-set-times v0.20.3
   Compiling chrono v0.4.43
   Compiling wasmtime-fiber v14.0.4
   Compiling equator-macro v0.4.2
   Compiling ittapi-sys v0.3.5
   Compiling memoffset v0.9.1
   Compiling heck v0.4.1
   Compiling thiserror v2.0.18
   Compiling heck v0.5.0
   Compiling zstd-safe v5.0.2+zstd.1.5.2
   Compiling maybe-owned v0.3.4
   Compiling arrayvec v0.7.6
   Compiling arrow-array v56.2.0
   Compiling equator v0.4.2
   Compiling rand v0.8.5
   Compiling block-buffer v0.10.4
   Compiling crypto-common v0.1.7
   Compiling wasmtime-runtime v14.0.4
   Compiling thiserror-impl v2.0.18
   Compiling core-foundation v0.9.4
   Compiling dirs-sys v0.3.7
   Compiling wasmtime-asm-macros v14.0.4
   Compiling system-configuration-sys v0.6.0
   Compiling atomic-waker v1.1.2
   Compiling cap-std v2.0.2
   Compiling cpp_demangle v0.3.5
   Compiling pin-utils v0.1.0
   Compiling strsim v0.11.1
   Compiling leb128fmt v0.1.0
   Compiling lexical-util v1.0.7
   Compiling ident_case v1.0.1
   Compiling unicode-xid v0.2.6
   Compiling id-arena v2.3.0
   Compiling base64 v0.21.7
   Compiling wit-parser v0.12.2
   Compiling darling_core v0.20.11
   Compiling wasm-encoder v0.245.1
   Compiling hyper v1.8.1
   Compiling wast v35.0.2
   Compiling dirs v4.0.0
   Compiling digest v0.10.7
   Compiling aligned-vec v0.6.4
   Compiling cranelift-native v0.101.4
   Compiling cranelift-frontend v0.101.4
   Compiling wasmtime-jit-debug v14.0.4
   Compiling sync_wrapper v1.0.2
   Compiling uuid v1.21.0
   Compiling itertools v0.10.5
   Compiling memfd v0.6.5
   Compiling bincode v1.3.3
   Compiling aho-corasick v1.1.4
   Compiling dirs-sys-next v0.1.2
   Compiling mach v0.3.2
   Compiling wasmtime-cache v14.0.4
   Compiling regex-syntax v0.8.9
   Compiling tower-layer v0.3.3
   Compiling sptr v0.3.2
   Compiling cpufeatures v0.2.17
   Compiling wasmtime-wmemcheck v14.0.4
   Compiling h2 v0.4.13
   Compiling hyper-util v0.1.20
   Compiling regex-automata v0.4.14
   Compiling sha2 v0.10.9
   Compiling tower v0.5.3
   Compiling cranelift-wasm v0.101.4
   Compiling socks v0.3.4
   Compiling directories-next v2.0.0
   Compiling debugid v0.8.0
   Compiling wasmtime-cranelift-shared v14.0.4
   Compiling v_frame v0.3.9
   Compiling zstd v0.11.2+zstd.1.5.2
   Compiling ittapi v0.3.5
   Compiling witx v0.9.1
   Compiling shellexpand v2.1.2
   Compiling wast v245.0.1
   Compiling darling_macro v0.20.11
   Compiling wasmtime-wit-bindgen v14.0.4
   Compiling tokio-native-tls v0.3.1
   Compiling strum_macros v0.26.4
   Compiling fxhash v0.2.1
   Compiling tokio-rustls v0.26.4
   Compiling webpki-roots v0.26.11
   Compiling http v0.2.12
   Compiling addr2line v0.21.0
   Compiling itertools v0.14.0
   Compiling toml v0.5.11
   Compiling as-slice v0.2.1
   Compiling wasmtime-jit-icache-coherence v14.0.4
   Compiling av-scenechange v0.14.1
   Compiling option-ext v0.2.0
   Compiling iri-string v0.7.10
   Compiling built v0.8.0
   Compiling rustc-demangle v0.1.27
   Compiling wasmtime-jit v14.0.4
   Compiling tower-http v0.6.8
   Compiling wasmtime-component-macro v14.0.4
   Compiling wat v1.245.1
   Compiling zopfli v0.8.3
   Compiling rav1e v0.8.1
   Compiling serde_urlencoded v0.7.1
   Compiling aligned v0.4.3
   Compiling strum v0.26.3
   Compiling hyper-rustls v0.27.7
   Compiling ureq v2.12.1
   Compiling fxprof-processed-profile v0.6.0
   Compiling darling v0.20.11
   Compiling wiggle-generate v14.0.4
   Compiling system-configuration v0.7.0
   Compiling wasmtime-cranelift v14.0.4
   Compiling regex v1.12.3
   Compiling lexical-write-integer v1.0.6
   Compiling lexical-parse-integer v1.0.6
   Compiling arrow-select v56.2.0
   Compiling http-body-util v0.1.3
   Compiling castaway v0.2.4
   Compiling onig_sys v69.9.1
   Compiling arg_enum_proc_macro v0.3.4
   Compiling async-trait v0.1.89
   Compiling profiling-procmacros v1.0.17
   Compiling rand_core v0.9.5
   Compiling nom v8.0.0
   Compiling core2 v0.4.0
   Compiling matrixmultiply v0.3.10
   Compiling foldhash v0.1.5
   Compiling signal-hook v0.3.18
   Compiling static_assertions v1.1.0
   Compiling wasi-common v14.0.4
   Compiling allocator-api2 v0.2.21
   Compiling quick-error v2.0.1
   Compiling unicode-segmentation v1.12.0
   Compiling pastey v0.1.1
   Compiling portable-atomic v1.13.1
   Compiling y4m v0.8.0
   Compiling rustls v0.21.12
   Compiling hashbrown v0.15.5
   Compiling av1-grain v0.2.5
   Compiling bitstream-io v4.9.0
   Compiling rand_chacha v0.9.0
   Compiling profiling v1.0.17
   Compiling wasmtime v14.0.4
   Compiling reqwest v0.12.28
   Compiling lexical-parse-float v1.0.6
   Compiling lexical-write-float v1.0.6
   Compiling wiggle-macro v14.0.4
   Compiling derive_builder_core v0.20.2
   Compiling ort-sys v2.0.0-rc.9
   Compiling zip v6.0.0
   Compiling http-body v0.4.6
   Compiling h2 v0.3.27
   Compiling sct v0.7.1
   Compiling rustls-webpki v0.101.7
   Compiling maybe-rayon v0.1.1
   Compiling fax_derive v0.2.0
   Compiling num-derive v0.4.2
   Compiling socket2 v0.5.10
   Compiling simd_helpers v0.1.0
   Compiling zune-core v0.4.12
   Compiling mime v0.3.17
   Compiling imgref v1.12.0
   Compiling minimal-lexical v0.2.1
   Compiling system-interface v0.26.1
   Compiling cap-fs-ext v2.0.2
   Compiling system-configuration-sys v0.5.0
   Compiling weezl v0.1.12
   Compiling noop_proc_macro v0.3.0
   Compiling new_debug_unreachable v1.0.6
   Compiling esaxx-rs v0.1.10
   Compiling rawpointer v0.2.1
   Compiling vcpkg v0.2.15
   Compiling httpdate v1.0.3
   Compiling hyper v0.14.32
   Compiling libduckdb-sys v1.4.4
   Compiling nom v7.1.3
   Compiling loop9 v0.1.5
   Compiling zune-jpeg v0.4.21
   Compiling fax v0.2.6
   Compiling hyper-tls v0.6.0
   Compiling wiggle v14.0.4
   Compiling derive_builder_macro v0.20.2
   Compiling lexical-core v1.0.6
   Compiling rand v0.9.2
   Compiling comfy-table v7.1.2
   Compiling dirs-sys v0.5.0
   Compiling cap-rand v2.0.2
   Compiling avif-serialize v0.8.8
   Compiling fdeflate v0.3.7
   Compiling zune-inflate v0.2.54
   Compiling console v0.15.11
   Compiling pxfm v0.1.27
   Compiling atoi v2.0.0
   Compiling monostate-impl v0.1.18
   Compiling mio v0.8.11
   Compiling zune-core v0.5.1
   Compiling rust_decimal v1.40.0
   Compiling rgb v0.8.52
   Compiling base64 v0.13.1
   Compiling color_quant v1.1.0
   Compiling bit_field v0.10.3
   Compiling macro_rules_attribute-proc_macro v0.2.2
   Compiling bytemuck v1.25.0
   Compiling number_prefix v0.4.0
   Compiling lebe v0.5.3
   Compiling byteorder-lite v0.1.0
   Compiling qoi v0.4.1
   Compiling exr v1.74.0
   Compiling macro_rules_attribute v0.2.2
   Compiling image-webp v0.2.4
   Compiling moxcms v0.7.11
   Compiling indicatif v0.17.11
   Compiling ravif v0.12.0
   Compiling spm_precompiled v0.1.4
   Compiling gif v0.14.1
   Compiling zune-jpeg v0.5.12
   Compiling signal-hook-mio v0.2.5
   Compiling monostate v0.1.18
   Compiling arrow-cast v56.2.0
   Compiling png v0.18.1
   Compiling dirs v6.0.0
   Compiling derive_builder v0.20.2
   Compiling tokio-rustls v0.24.1
   Compiling onig v6.5.1
   Compiling tiff v0.10.3
   Compiling ndarray v0.16.1
   Compiling compact_str v0.9.0
   Compiling arrow-string v56.2.0
   Compiling arrow-ord v56.2.0
   Compiling rayon-cond v0.4.0
   Compiling arrow-row v56.2.0
   Compiling arrow-arith v56.2.0
   Compiling cap-time-ext v2.0.2
   Compiling strum_macros v0.27.2
   Compiling itertools v0.13.0
   Compiling dary_heap v0.3.8
   Compiling toml_datetime v0.6.11
   Compiling serde_spanned v0.6.9
   Compiling unicode-normalization-alignments v0.1.12
   Compiling wasmtime-wasi v14.0.4
   Compiling bitflags v1.3.2
   Compiling unicode-width v0.1.14
   Compiling winnow v0.7.14
   Compiling unicode_categories v0.1.1
   Compiling toml_write v0.1.2
   Compiling toml_edit v0.22.27
   Compiling tokenizers v0.21.4
   Compiling unicode-truncate v1.1.0
   Compiling system-configuration v0.5.1
   Compiling futures v0.3.32
   Compiling strum v0.27.2
   Compiling wasi-cap-std-sync v14.0.4
   Compiling arrow v56.2.0
   Compiling ort v2.0.0-rc.9
   Compiling image v0.25.9
   Compiling hf-hub v0.4.3
   Compiling hyper-rustls v0.24.2
   Compiling crossterm v0.27.0
   Compiling hyper-tls v0.5.0
   Compiling lru v0.12.5
   Compiling hashlink v0.10.0
   Compiling compact_str v0.7.1
   Compiling dirs-sys v0.4.1
   Compiling cap-net-ext v2.0.2
   Compiling rustls-pemfile v1.0.4
   Compiling itertools v0.12.1
   Compiling stability v0.2.1
   Compiling fallible-iterator v0.3.0
   Compiling fallible-streaming-iterator v0.1.9
   Compiling sync_wrapper v0.1.2
   Compiling webpki-roots v0.25.4
   Compiling cassowary v0.3.0
   Compiling cast v0.3.0
   Compiling ratatui v0.26.3
   Compiling reqwest v0.11.27
   Compiling dirs v5.0.1
   Compiling fastembed v4.9.1
   Compiling toml v0.8.23
   Compiling sysinfo v0.30.13
   Compiling dotenv v0.15.0
   Compiling dunce v1.0.5
